<div class="Table__Table">
    <table>
        <thead>
        <tr>
            <th>Name</th>
            <th>Surname</th>
            <th>Actions</th>
        </tr>
        </thead>
        <tbody>
        <tr>
            <td>John</td>
            <td>Smith</td>
            <td><a class="Link__Link Link__Blue" href="http://yolo?id=1">
                <div class="Link__Text">Delete</div>
            </a></td>
        </tr>
        <tr>
            <td>Harry</td>
            <td>Potter</td>
            <td><a class="Link__Link Link__Blue" href="http://yolo?id=2">
                <div class="Link__Text">Delete</div>
            </a></td>
        </tr>
        </tbody>
    </table>
</div>
