<a class="Button__Button Button__Negative">Save</a>
