<a class="Button__Button" href="https://google.com">Save</a>
