<form action="/process-form" method="post">
    <button class="Button__Button">Save</button>
</form>
