<option value="test-value">Test value text</option>
