<div class="Selectbox__Selectbox">
    <select name="selectbox-&quot;name&quot;" onchange="someFunction(someVar)">
    </select>
    <div class="Selectbox__Desc">Some &lt;strong&gt;description&lt;/strong&gt;</div>
</div>
