<a class="Link__Link Link" href="http://google.com" data-reactroot="">
    <div class="Link__Text">Edit</div>
</a>
