<a class="Link__Link Link">
    <div class="be-icon-pencil"></div>
    <div class="Link__Text">Edit</div>
</a>
