<a class="Link__Link Link__White">
    <div class="be-icon-pencil"></div>
    <span class="Link__Text">Edit</span>
</a>
