<div class="Breadcrumbs__Breadcrumbs" data-reactroot="">
    <div class="Breadcrumbs__Textwrap">
        <div class="Breadcrumbs__Step">Foo</div>
        <div class="Breadcrumbs__Step">bar</div>
    </div>
    <div class="Breadcrumbs__Right">
        <button class="Button__Button" data-reactroot="">Add</button>
    </div>
</div>
