<pre style="
    white-space: pre-wrap;
    box-sizing: border-box;
    background-color: #f4f4f4;
    width: 100%;
    margin-top: 20px;
    padding: 14px;">
    &lt;script type=&quot;text/javascript&quot;&gt;alert('Hello boys &amp; girls!')&lt;/script&gt;
</pre>
