<strong>Foo &lt;script&gt;alert(&#039;I am XSS Attack&#039;);&lt;/script&gt;</strong>
