// Jest Snapshot v1, https://goo.gl/fbAQLP

exports[`Heading should return heading with correct level 1 1`] = `<h1 />`;

exports[`Heading should return heading with correct level 2 1`] = `<h2 />`;

exports[`Heading should return heading with correct level 3 1`] = `<h2 />`;
