<span title="&quot;&gt;&lt;script&gt;alert&#x28;&#x27;I&#x20;am&#x20;XSS&#x20;Attack&#x27;&#x29;&#x3B;&lt;&#x2F;script&gt;"><a class="Link__Link Link"><span class="Link__Text">Test link</span></a></span>
