<span title="Title"><a class="Link__Link Link"><span class="Link__Text">Test link</span></a></span>
