<div class="Notification__Notification Notification__isError"><span>Text text message</span></div>
