<div class="Notification__Notification Notification__isSuccess" data-reactroot="">
    <span>Text text &lt;strong&gt;message&lt;/strong&gt;</span>
</div>
