<div class="select-list-654d">
    <div class="Checkbox__CheckboxContent" data-reactroot="">
        <div class="Checkbox__Checkbox">
            <input type="checkbox" id="id-123" value="1" name="baz[]" />
            <label for="id-123"></label></div>
        <div class="Checkbox__Label">Foo Bar</div>
    </div>
</div>
