<div class="App__App">
    <div class="App__Static">A</div>
    <div class="App__Flex">B</div>
</div>
