<div class="Checkbox__CheckboxContent Checkbox__hasBorder" onclick="document.getElementById('&quot;&gt;&lt;script&gt;alert&#x28;&#x27;ahoj&#x27;&#x29;&#x3B;&lt;&#x2F;script&gt;&lt;&quot;').click();">
    <div class="Checkbox__Checkbox">
        <input type="checkbox" id="&quot;&gt;&lt;script&gt;alert&#x28;&#x27;ahoj&#x27;&#x29;&#x3B;&lt;&#x2F;script&gt;&lt;&quot;" value="&quot;&gt;&lt;script&gt;alert&#x28;&#x27;ahoj&#x27;&#x29;&#x3B;&lt;&#x2F;script&gt;&lt;&quot;" name="yolo-name" checked="checked"/>
        <label onclick="return false;" for="&quot;&gt;&lt;script&gt;alert&#x28;&#x27;ahoj&#x27;&#x29;&#x3B;&lt;&#x2F;script&gt;&lt;&quot;"></label>
    </div>&lt;script&gt;alert(&#039;ahoj&#039;);&lt;/script&gt;<div class="Checkbox__Label">&quot;&gt;&lt;script&gt;alert(&#039;ahoj&#039;);&lt;/script&gt;&lt;&quot;</div>
</div>
