<div class="Input__Input" data-reactroot="">
    <div class="Input__Field"><input type="number" name="input-name" value="Input value" /></div>
</div>
