<div class="Input__Input">
    <div class="Input__Field">
        <input type="text" name="input-name-with-dot.something"
               value="Input&#x20;value&#x20;&lt;script&gt;alert&#x28;&#x27;Hello&#x27;&#x29;&#x3B;&lt;&#x2F;script&gt;" />
    </div>
    <div class="Input__Desc">&lt;script&gt;alert(&#039;Hello&#039;);&lt;/script&gt;</div>
</div>
