<div class="Input__Input" data-reactroot="">
    <div class="Input__Field"><input type="text" name="input-name" value="Input&#x20;value" placeholder="Foo&#x20;bar" /></div>
    <div class="Input__Desc">Some description</div>
</div>
