<div class="Input__Input">
    <div class="Input__Field"><input disabled type="text" name="input-name" value="" /></div>
</div>
