<div class="Input__Input Input__Error">
    <div class="Input__Field"><input type="text" name="input-name" value="Input&#x20;value" /></div>
    <div class="Input__Desc">Some description</div>
</div>
