<div class="Input__Input Input__Disabled">
    <div class="Input__Field"><input readonly type="text" name="input-name" value="" /></div>
</div>
