<div id="superId" class="padding-10">Some text<br />Another line</div>
