<div class="Table__Table Table__isStriped">
    <table>
        <thead>
        <tr>
            <th>Image</th>
            <th>Name</th>
        </tr>
        </thead>
        <tbody>
        <tr>
            <td>
                <div class="img">
                    <img class="some-class" src="https://some-domain/john.png" width="50px"/>
                </div>
            </td>
            <td>John</td>
        </tr>
        <tr>
            <td>
                <div class="img">
                    <img class="some-class" src="https://some-domain/harry.png" width="50px"/>
                </div>
            </td>
            <td>Harry</td>
        </tr>
        </tbody>
    </table>
</div>
