<div class="Table__Table Table__isStriped Table__hasRowHover">
    <table>
        <thead>
        <tr></tr>
        </thead>
        <tbody>
        </tbody>
    </table>
</div>
