<div class="Table__Table Table__isStriped">
    <table>
        <thead>
        <tr>
            <th>Name</th>
            <th>Surname</th>
        </tr>
        </thead>
        <tbody>
        </tbody>
    </table>
</div>
