<style type="text/css">

    div.TableRowDivider:before {
        content: '';
        position: absolute;
        top: 50%;
        width: 40px;
        height: 1px;
        right: -45px;
        background: #b7b7b7;
    }
    div.TableRowDivider:after {
        content: '';
        position: absolute;
        top: 50%;
        width: 40px;
        height: 1px;
        left: -45px;
        background: #b7b7b7;
    }
    div.TableRowDivider {
        font-weight: bold;
    }

    div.HasRowDividers table tbody tr:first-child td {
        padding-top: 10px;
    }
    div.HasRowDividers table tbody tr:last-child td {
        padding-bottom: 10px;
    }
    tr.TableRowDivider {
        background: linear-gradient(0deg, #FAFAFA 50%, #FFFFFF 50%);
    }
    tr.TableRowDivider:nth-child(even) {
        background: linear-gradient(0deg, #FFFFFF 50%, #FAFAFA 50%);
    }

</style>
<div class="Table__Table Table__isStriped HasRowDividers">
    <table>
        <thead>
        <tr>
            <th>Name</th>
            <th>Expression</th>
            <th style="text-align: right;">Flags</th>
        </tr>
        </thead>
        <tbody>
        <tr>
            <td>Addition</td>
            <td>a + b</td>
            <td style="width: 10%; max-width: 10%; text-align: right;">G</td>
        </tr>
        <tr>
            <td colspan="3" style="display: none;">&nbsp;</td>
        </tr>
        <tr class="TableRowDivider">
            <td colspan="3" style="text-align: center; padding: 0; height: auto; user-select: none; font-weight: bold;">OR</td>
        </tr>
        <tr>
            <td>Subtraction</td>
            <td>a - b</td>
            <td style="width: 10%; max-width: 10%; text-align: right;">G</td>
        </tr>
        <tr>
            <td colspan="3" style="display: none;">&nbsp;</td>
        </tr>
        <tr class="TableRowDivider">
            <td colspan="3" style="text-align: center; padding: 0; height: auto; user-select: none; font-weight: bold;">OR</td>
        </tr>
        <tr>
            <td>Multiplication</td>
            <td>a * b</td>
            <td style="width: 10%; max-width: 10%; text-align: right;">L</td>
        </tr>
        </tbody>
    </table>
</div>
