<button class="Button__Button Button__Disabled" disabled>Save</button>
