<button class="Button__Button"><div class="be-icon-plus"></div>Save</button>
