<button class="Button__Button__Negative" data-reactroot="">Save</button>
