<div class="paginationComponent">
    <div class="displayCounts">Displaying 36 - 37 of 37</div>
    <div class="center"><a class="pagination" href="/page-number/1">
        <?xml version="1.0" encoding="utf-8"?>
        <!DOCTYPE SVG PUBLIC "-//W3C//DTD SVG 1.1//EN" "http://www.w3.org/Graphics/SVG/1.1/DTD/svg11.dtd">
        <svg version="1.1" class="svgPagination" xmlns="http://www.w3.org/2000/svg" xmlns:xlink="http://www.w3.org/1999/xlink" x="0px" y="0px"
             viewBox="0 0 9.585 14" xml:space="preserve">
            <path id="Path_3682" data-name="Path 3682" d="M0,14H1.077V0H0ZM9.585,1.723,8.077.108,2.8,5.492,1.185,7l6.892,6.892,1.508-1.508L4.308,7Z"/>
</svg>
    </a><a class="pagination" href="/page-number/7">
        <?xml version="1.0" encoding="utf-8"?>
        <!DOCTYPE SVG PUBLIC "-//W3C//DTD SVG 1.1//EN" "http://www.w3.org/Graphics/SVG/1.1/DTD/svg11.dtd">
        <svg version="1.1" class="svgPagination" xmlns="http://www.w3.org/2000/svg" xmlns:xlink="http://www.w3.org/1999/xlink" x="0px" y="0px" viewBox="0 0 8.6 14"
             xml:space="preserve">
	<path id="Path_3683" data-name="Path 3683" d="M8.6,1.543,7.055,0,1.543,5.4,0,7.055,7.055,14,8.6,12.457l-5.512-5.4Z"/>
</svg>
    </a>
        <div class="pagination">
            <a href="/page-number/4">4</a>
            <a href="/page-number/5">5</a>
            <a href="/page-number/6">6</a>
            <a href="/page-number/7">7</a>
            <a class="current">8</a>
        </div>
        <a class="disableClick">
            <?xml version="1.0" encoding="utf-8"?>
            <!DOCTYPE SVG PUBLIC "-//W3C//DTD SVG 1.1//EN" "http://www.w3.org/Graphics/SVG/1.1/DTD/svg11.dtd">
            <svg version="1.1" class="svgPagination" xmlns="http://www.w3.org/2000/svg" xmlns:xlink="http://www.w3.org/1999/xlink" x="0px" y="0px"
                 viewBox="0 0 8.615 14" xml:space="preserve">
	<path id="Path_3684" data-name="Path 3684" d="M7.862,6.246,1.615,0,0,1.508,5.492,7,0,12.385,1.615,14l7-7Z"/>
</svg>
        </a><a class="disableClick">
            <?xml version="1.0" encoding="utf-8"?>
            <!DOCTYPE SVG PUBLIC "-//W3C//DTD SVG 1.1//EN" "http://www.w3.org/Graphics/SVG/1.1/DTD/svg11.dtd">
            <svg version="1.1" class="svgPagination" xmlns="http://www.w3.org/2000/svg" xmlns:xlink="http://www.w3.org/1999/xlink" x="0px" y="0px"
                 viewBox="0 0 9.692 14"
                 xml:space="preserve">
	<path id="Path_3685" data-name="Path 3685" d="M8.615,0V14H9.692V0ZM1.508.108,0,1.723,5.385,7.108,0,12.492,1.508,14,8.4,7.108l-.754-.862Z"/>
</svg>
        </a></div>
</div>
