<div class="Tag__Tag" style="color: hsl(138, 91%, 31%); background-color: hsl(138, 91%, 92%);">
    &lt;script&gt;alert(&#039;I am XSS Attack&#039;);&lt;/script&gt;
</div>
