<script type="text/javascript">
    const foo = "bar";
    console.log('Foo bar');
</script>
