<input type="hidden" name="input-name-with-dot.something"
       value="Input&#x20;value&#x20;&lt;script&gt;alert&#x28;&#x27;Hello&#x27;&#x29;&#x3B;&lt;&#x2F;script&gt;" />
