<input type="hidden" name="input-name" value="Input&#x20;value" />
