<div class="ProfilePicture__ProfilePicture ProfilePicture__Size24">
    <img src="https://example.com/a.png" alt="" title="Lorem&#x20;Ipsum&#x20;title"/>
</div>
