<div class="padding-10 " style="display: none;">Some text</div>
