<div class="padding-10 col-lg-4 col-md-3">Some text</div>
