<div class="Radio__RadioContent" data-reactroot="" onclick="document.getElementById('fooId').click();">
    <div class="Radio__Radio"><input type="radio" id="fooId" name="fooName" value="fooValue" checked="checked" /><label for="fooId"></label></div>
    <div class="Radio__Label">Foo label</div>
</div>
