<div class="be-icon-rating-2" style="color: #E8585D;font-size: 16px;padding-right: 4px;"></div>
